SOS(([Char:a-Char:z Char:A-Char:Z Char:0-Char:9 Char:_ Char:. Char:+ Char:- ])+)(Char:@)(([Char:a-Char:z Char:A-Char:Z Char:0-Char:9 Char:- ])+)(Escaped:.)(([Char:a-Char:z Char:A-Char:Z Char:0-Char:9 Char:- Char:. ])+)
EOS
(Char:#)
SOS((([Char:a-Char:z Char:0-Char:9 Char:+ Escaped:- Char:. ])+))(Char::)((( ([Char:/ ]) {0,2}))(((([Char:a-Char:z Char:0-Char:9 Escaped:- Char:. Char:_ Char:~ Char:% Char:! Escaped:$ Char:& Char:' Escaped:( Escaped:) Escaped:* Char:+ Char:, Char:; Char:= Char:: ])+)(Char:@))?)((([Escaped:[ Escaped:] Char:a-Char:z Char:0-Char:9 Escaped:- Char:. Char:_ Char:~ Char:% Char:! Escaped:$ Char:& Char:' Escaped:( Escaped:) Escaped:* Char:+ Char:, Char:; Char:= Char:: ])+)(((Char::)(([Char:0-Char:9 ])+))?)))((([Char:a-Char:z Char:0-Char:9 Escaped:- Char:. Char:_ Char:~ Char:% Char:! Escaped:$ Char:& Char:' Escaped:( Escaped:) Escaped:* Char:+ Char:, Char:; Char:= Char:: Char:@ Char:/ ])*))(((Escaped:?)(([Escaped:? Char:/ Char:a-Char:z Char:0-Char:9 Escaped:- Char:. Char:_ Char:~ Char:% Char:! Escaped:$ Char:& Char:' Escaped:( Escaped:) Escaped:* Char:+ Char:, Char:; Char:= Char:: Char:@ ])+))?)(((Escaped:#)(([Char:a-Char:z Char:0-Char:9 Escaped:- Char:. Char:_ Char:~ Char:% Char:! Escaped:$ Char:& Char:' Escaped:( Escaped:) Escaped:* Char:+ Char:, Char:; Char:= Char:: Char:@ Char:/ Escaped:? ])+))?)(Char:#)(Char:i)
EOS
(((Meta:n) | (Meta:r)(Meta:n)))
(Char:%)(( ([Escaped:- Escaped:+ Char:0 Meta:s Escaped:# ]) {0,1}))(( (((Meta:d)+)) {0,1}))(( ((Escaped:.)((Meta:d)+)) {0,1}))(( ([Char:h Char:l Char:I ]) {0,1}))(( ([Char:c Char:C Char:d Char:i Char:o Char:u Char:x Char:X Char:e Char:E Char:f Char:g Char:G Char:n Char:p Char:s Char:S ]) {1}))
(Char:&)
(Char:&)(Char:#)(((( ([Char:0-Char:9 ]) {1,5})) | (Char:x)(( ([Char:0-Char:9 Char:a-Char:f Char:A-Char:F ]) {1,4}))))(Char:;)
(Char:&)(Char:#)(( (Meta:d) {2,5}))(Char:;)
(Char:&)((Char: ))
((((Char:a) | (Char:b)) | (Char:c)))(Dot)(((Char:a)(Dot)(Char:b))*)(Dot)((Char:b)+)(Dot)(Char:c)
(((((Char:-)(( (Meta:d) {1,}))(Char: ) | (Char: )(( (Meta:d) {1,}))(Char: )) | (Char: )(( (Meta:d) {1,}))(Char:-)(( (Meta:d) {1,}))(Char: )) | (Char: )(( (Meta:d) {1,}))(Char:-)))(((Char:,)(((((Char:-)(( (Meta:d) {1,}))(Char: ) | (Char: )(( (Meta:d) {1,}))(Char: )) | (Char: )(( (Meta:d) {1,}))(Char:-)(( (Meta:d) {1,}))(Char: )) | (Char: )(( (Meta:d) {1,})))))*)
((Dot))(( (Escaped:1) {2,}))
(((Dot)*))(Char:-)(Char:-)(Char:-)(Char:-)(Char:-)(((Char:B)(Char:E)(Char:G)(Char:I)(Char:N) | (Char:E)(Char:N)(Char:D)))((([^Char:- ])*))(Char:-)(Char:-)(Char:-)(Char:-)(Char:-)(((Dot)*))
((((Dot)*)(Escaped:.)(([Char:w Char:W ])([Char:m Char:M ])([Char:a Char:A ])) | (([Char:m Char:M ])([Char:p Char:P ])([Char:3 ])))EOS)
((((Dot)*)(Escaped:.)(Char:j)(Char:p)((Char:e)?)(Char:g) | ((Dot)*)(Escaped:.)(Char:J)(Char:P)((Char:E)?)(Char:G)))
(( (((Dot) | ([Meta:r Meta:n ]))) {1,5}))
((((Char:0)((Char:1)*)(Char:0) | (Char:1)))*)
(((((Char:0)(Char:2)(Meta:d)((Meta:s)?)(( (Meta:d) {4}))((Meta:s)?)(( (Meta:d) {4}))) | ((Char:0)(Char:1)(( (Meta:d) {2}))((Meta:s)?)(( (Meta:d) {3}))((Meta:s)?)(( (Meta:d) {4})))) | ((Char:0)(Char:1)(( (Meta:d) {3}))((Meta:s)?)(( (Meta:d) {5,6})))) | ((Char:0)(Char:1)(( (Meta:d) {4}))((Meta:s)?)(( (Meta:d) {4,5}))))
((((Char:0)(Char:7)(Char:7) | (Char:0)(Char:7)(Char:8)) | (Char:0)(Char:7)(Char:9)))((Meta:s)?)(( (Meta:d) {2}))((Meta:s)?)(( (Meta:d) {6}))
((((Char:0)?)([Char:1-Char:9 ]) | ([Char:1-Char:9 ])([Char:0-Char:9 ])))(( ([Char:0-Char:9 ]) {6}))((((Char:-) | (Char: )))?)([Char:t Char:r Char:w Char:a Char:g Char:m Char:y Char:f Char:p Char:d Char:x Char:b Char:n Char:j Char:z Char:s Char:q Char:v Char:h Char:l Char:c Char:k Char:e ])
(((((Char:0)?)([Char:1-Char:9 ]) | ([Char:1 Char:2 ])([Char:0-Char:9 ])) | (Char:3)([Char:0 Char:1 ])))(Char:-)((((Char:0)?)([Char:1-Char:9 ]) | (Char:1)([Char:0 Char:1 Char:2 ])))(Char:-)((((Char:1)(Char:9) | (Char:2)(Char:0)))(Escaped:\)(Char:d)(Escaped:\)(Char:d))
(((((Char:0)?)([Char:1-Char:9 ]) | ([Char:1 Char:2 ])([Char:0-Char:9 ])) | (Char:3)([Char:0 Char:1 ])))(Char:-)((((Char:0)?)([Char:1-Char:9 ]) | (Char:1)([Char:0 Char:1 Char:2 ])))(Char:-)((((Char:1)(Char:9) | (Char:2)(Char:0)))(Escaped:\)(Char:d)(Escaped:\)(Char:d))
(((((Char:0)?)([Char:1-Char:9 ]) | ([Char:1 Char:2 ])([Char:0-Char:9 ])) | (Char:3)([Char:0 Char:1 ])))([Char:/ Char:  Char:- ])((((Char:0)?)([Char:1-Char:9 ]) | (Char:1)([Char:1 Char:2 ])))([Char:/ Char:  Char:- ])(((Char:1)(Char:9)(( ([Char:0-Char:9 ]) {2})) | ([Char:2 ])([Char:0-Char:9 ])(( ([Char:0-Char:9 ]) {2}))))
(((Char:0)(( ([Char:0-Char:9 ]) {7})) | (((((((((((((((((((((((((((((((Char:A)(Char:C) | (Char:B)(Char:R)) | (Char:F)(Char:C)) | (Char:G)(Char:E)) | (Char:G)(Char:N)) | (Char:G)(Char:S)) | (Char:I)(Char:C)) | (Char:I)(Char:P)) | (Char:L)(Char:P)) | (Char:N)(Char:A)) | (Char:N)(Char:F)) | (Char:N)(Char:I)) | (Char:N)(Char:L)) | (Char:N)(Char:O)) | (Char:N)(Char:P)) | (Char:N)(Char:R)) | (Char:N)(Char:Z)) | (Char:O)(Char:C)) | (Char:R)(Char:C)) | (Char:S)(Char:A)) | (Char:S)(Char:C)) | (Char:S)(Char:F)) | (Char:S)(Char:I)) | (Char:S)(Char:L)) | (Char:S)(Char:O)) | (Char:S)(Char:P)) | (Char:S)(Char:R)) | (Char:S)(Char:Z)) | (Char:Z)(Char:C)) | (Char:R)))(( ([Char:0-Char:9 ]) {6}))))
((((((((Char:0)([Char:2 Char:8 Char:9 ])(( ([Char:0-Char:9 ]) {2}))) | (([Char:1 Char:3 Char:4 Char:5 Char:6 Char:8 Char:9 ])(( ([Char:0-Char:9 ]) {3})))) | ((Char:2)([Char:0-Char:8 ])(( ([Char:0-Char:9 ]) {2})))) | ((Char:2)(Char:9)(Char:0)([Char:0-Char:9 ]))) | ((Char:2)(Char:9)(Char:1)([Char:0-Char:4 ]))) | ((Char:7)([Char:0-Char:4 ])(( ([Char:0-Char:9 ]) {2})))) | ((Char:7)([Char:8-Char:9 ])(( ([Char:0-Char:9 ]) {2}))))
(((Char:0) | (((Escaped:+))?)((((( ([Char:1-Char:9 ]) {1}))(( ([Char:0-Char:9 ]) {0,1})) | (( ([Char:1 ]) {1}))(( ([Char:0-Char:9 ]) {0,2}))) | (( ([Char:2 ]) {1}))(((( ([Char:0-Char:4 ]) {1}))(( ([Char:0-Char:9 ]) {1})) | (( ([Char:5 ]) {1}))(( ([Char:0-Char:5 ]) {1}))))))))

